// Jest Snapshot v1, https://goo.gl/fbAQLP

exports[`Page renders a heading 1 1`] = `
<div>
  <div
    class="MuiBox-root css-i9gxme"
  >
    <header
      class="MuiPaper-root MuiPaper-elevation MuiPaper-elevation4 MuiAppBar-root MuiAppBar-colorPrimary MuiAppBar-positionStatic css-ptdwpq-MuiPaper-root-MuiAppBar-root"
      style="--Paper-shadow: 0px 2px 4px -1px rgba(0,0,0,0.2),0px 4px 5px 0px rgba(0,0,0,0.14),0px 1px 10px 0px rgba(0,0,0,0.12);"
    >
      <div
        class="MuiToolbar-root MuiToolbar-gutters MuiToolbar-regular css-1ygil4i-MuiToolbar-root"
      >
        <div
          class="MuiTypography-root MuiTypography-h6 css-1bv5yfe-MuiTypography-root"
        >
          <a
            href="/"
          >
            Gojl
          </a>
        </div>
      </div>
    </header>
  </div>
</div>
`;
