// Jest Snapshot v1, https://goo.gl/fbAQLP

exports[`Header Snapshot 1`] = `
<div>
  <button
    aria-label="delete"
    class="MuiButtonBase-root MuiIconButton-root MuiIconButton-edgeEnd MuiIconButton-sizeMedium css-oeq6yz-MuiButtonBase-root-MuiIconButton-root"
    tabindex="0"
    type="button"
  >
    <svg
      aria-hidden="true"
      class="MuiSvgIcon-root MuiSvgIcon-fontSizeMedium css-1umw9bq-MuiSvgIcon-root"
      data-testid="MoreVertIcon"
      focusable="false"
      viewBox="0 0 24 24"
    >
      <path
        d="M12 8c1.1 0 2-.9 2-2s-.9-2-2-2-2 .9-2 2 .9 2 2 2m0 2c-1.1 0-2 .9-2 2s.9 2 2 2 2-.9 2-2-.9-2-2-2m0 6c-1.1 0-2 .9-2 2s.9 2 2 2 2-.9 2-2-.9-2-2-2"
      />
    </svg>
  </button>
</div>
`;
